
// ==========================================================================
//  GPPG error listing for yacc source file <Parser/Parser.y - 06/04/2026 21:56:17>
// ==========================================================================
//  Version:  1.5.3
//  DateTime: 07/04/2026 08:34:53
// ==========================================================================


%namespace MyCompiler
%output=Parser.cs
%visibility internal

%union { 
    public object obj; 
    public bool boolVal;
    public double fval;
    public MyCompiler.Type type; 
    public MyCompiler.Node node; // Add this to hold AST pieces
    public MyCompiler.ExpressionNode expr; // Single expression
    public List<MyCompiler.ExpressionNode> exprList; // for expr_list
    public List<MyCompiler.NamedArgumentNode> arglist; // for arg_list
}

%token <obj> NUMBER STRING ID NULL_LITERAL STRING_LITERAL
%token <boolVal> BOOL_LITERAL
%token <fval> FLOAT_LITERAL
%token PLUS MINUS MULT DIV ASSIGN SEMICOLON COMMA DOT COLON LAMBDA NEWLINE COLUMNS
%token PLUS_ASSIGN MINUS_ASSIGN
%token LPAREN RPAREN LBRACE RBRACE LBRACKET RBRACKET IF ELSE FOR FOREACH IN INC DECR
%token PRINT RANDOM ROUND READCSV TOCSV 
%token REMOVE REMOVERANGE LENGTH MIN MAX MEAN SUM COPY RECORD ADDFIELD REMOVEFIELD WHERE MAP FUNC ADD ADDRANGE 
%token DATAFRAME SHOW 

%token INT FLOAT BOOL STRING VOID NULL ARRAY

%token GE LE EQ NE GT LT LOGICAL_AND LOGICAL_OR

%nonassoc LOWER_THAN_LPAREN
%nonassoc IF
%nonassoc ELSE

%left LOGICAL_OR
%left LOGICAL_AND
%left EQ NE
%left GT LT GE LE
%left PLUS MINUS
%left MULT DIV
%left DOT
%left LBRACKET /* Add this to give indexing high priority */

%type <node> Prog Statement StatementList Assignment
%type <node> expr
%type <expr> Type
%type <obj> params  /* Use <obj> for lists */

%type <expr> arg
%type <exprList> expr_list
%type <arglist> arg_list


/* This tells the parser which C# variable stores the final tree */
%{
    public MyCompiler.Node RootNode;
%}

%%
// Warning: NonTerminal symbol "params" is unreachable
// ---------------------------------------------------

Prog
    : StatementList { $$ = $1; RootNode = $$; }
    ;

StatementList
    : Statement { $$ = new SequenceNode(); ((SequenceNode)$$).Statements.Add($1); }
    | StatementList SEMICOLON Statement { ((SequenceNode)$1).Statements.Add($3); $$ = $1; }
    | StatementList NEWLINE Statement { ((SequenceNode)$1).Statements.Add($3); $$ = $1; }
    | StatementList NEWLINE

    ;

Statement
    : Assignment          { $$ = $1; }
    | expr                { $$ = $1; }             
    | IF LPAREN expr RPAREN Statement %prec IF
      { $$ = new IfNode($3 as ExpressionNode, $5); }
    | IF LPAREN expr RPAREN Statement ELSE Statement
      { $$ = new IfNode($3 as ExpressionNode, $5, $7); }
    | FOR LPAREN Assignment SEMICOLON expr SEMICOLON Assignment RPAREN Statement 
      { $$ = new ForLoopNode($3 as StatementNode, $5 as ExpressionNode, $7 as StatementNode, $9); }
    | FOR LPAREN Assignment SEMICOLON expr SEMICOLON Assignment RPAREN LBRACE StatementList RBRACE
      { $$ = new ForLoopNode($3 as StatementNode, $5 as ExpressionNode, $7 as StatementNode, $10); }
    
    | FOREACH LPAREN ID IN expr RPAREN LBRACE StatementList RBRACE
        { $$ = new ForEachLoopNode(new IdNode((string)$3), $5 as ExpressionNode, $8 ); }
    ;

Type
    : INT                 { $$ = new TypeNode("int"); }
    | FLOAT               { $$ = new TypeNode("float"); }
    | BOOL                { $$ = new TypeNode("bool"); }
    | STRING              { $$ = new TypeNode("string"); }   
    | VOID                { $$ = new TypeNode("void"); }
    | NULL                { $$ = new TypeNode("null"); }
    | ARRAY GT Type LT    { $$ = new TypeNode("array"); }
    ;

Assignment 
    : ID ASSIGN expr      { $$ = new AssignNode((string)$1, $3 as ExpressionNode); } 
    | ID PLUS_ASSIGN expr { 
        // Sugar: x += 1  becomes  x = x + 1
        var id = new IdNode((string)$1);
        var add = new BinaryOpNode(id, "+", $3 as ExpressionNode);
        $$ = new AssignNode((string)$1, add); 
    }
    | ID MINUS_ASSIGN expr { 
        // Sugar: x -= 1  becomes  x = x - 1
        var id = new IdNode((string)$1);
        var sub = new BinaryOpNode(id, "-", $3 as ExpressionNode);
        $$ = new AssignNode((string)$1, sub); 
    }
    | ID INC              { $$ = new IncrementNode((string)$1); }
    | ID DECR             { $$ = new DecrementNode((string)$1); }

    | ID LBRACKET expr RBRACKET ASSIGN expr    
    {
        string idName = (string)$1;
        var idExpr = new IdNode(idName);
        
        $$ = new IndexAssignNode(idExpr, $3 as ExpressionNode, $6 as ExpressionNode);    
    }
    
    | expr DOT ID ASSIGN expr
    {
        $$ = new RecordFieldAssignNode(
            $1 as ExpressionNode,
            (string)$3,
            $5 as ExpressionNode
        );
    }
    ;

expr_list
    : expr                  { $$ = new List<ExpressionNode> { $1 as ExpressionNode }; }
    | expr_list COMMA expr { ((List<ExpressionNode>)$1).Add($3 as ExpressionNode); $$ = $1; }
    ;

expr
    : BOOL_LITERAL        { $$ = new BooleanNode((bool)$1); }
    | NUMBER              { $$ = new NumberNode((int)$1); }
    | FLOAT_LITERAL       { $$ = new FloatNode($1); }
    | MINUS expr          { $$ = new UnaryOpNode("-", $2 as ExpressionNode); }
    | STRING_LITERAL      { $$ = new StringNode((string)$1); }
    | STRING              { $$ = new TypeLiteralNode(new TypeNode("string")); }
    | NULL_LITERAL        { $$ = new NullNode(); }
    | Type                { $$ = new TypeLiteralNode($1 as TypeNode); }
    

    | ID                  { $$ = new IdNode((string)$1); }
    | PRINT LPAREN expr RPAREN 
                          { $$ = new PrintNode($3 as ExpressionNode); }
    | RANDOM LPAREN expr COMMA expr RPAREN    
                          { $$ = new RandomNode($3 as ExpressionNode, $5 as ExpressionNode); }
    | ROUND LPAREN expr COMMA expr RPAREN 
                          { $$ = new RoundNode($3 as ExpressionNode, $5 as ExpressionNode); }
    | expr PLUS expr      { $$ = new BinaryOpNode($1 as ExpressionNode, "+", $3 as ExpressionNode); }
    | expr MINUS expr     { $$ = new BinaryOpNode($1 as ExpressionNode, "-", $3 as ExpressionNode); }
    | expr MULT expr      { $$ = new BinaryOpNode($1 as ExpressionNode, "*", $3 as ExpressionNode); }
    | expr DIV expr       { $$ = new BinaryOpNode($1 as ExpressionNode, "/", $3 as ExpressionNode); }

    | expr LOGICAL_AND expr { $$ = new LogicalOpNode($1 as ExpressionNode, "&&", $3 as ExpressionNode); }  
    | expr LOGICAL_OR expr  { $$ = new LogicalOpNode($1 as ExpressionNode, "||", $3 as ExpressionNode); }  

    | expr GE expr        { $$ = new ComparisonNode($1 as ExpressionNode, ">=", $3 as ExpressionNode); }    
    | expr LE expr        { $$ = new ComparisonNode($1 as ExpressionNode, "<=", $3 as ExpressionNode); }
    | expr EQ expr        { $$ = new ComparisonNode($1 as ExpressionNode, "==", $3 as ExpressionNode); }    
    | expr NE expr        { $$ = new ComparisonNode($1 as ExpressionNode, "!=", $3 as ExpressionNode); }
    | expr GT expr        { $$ = new ComparisonNode($1 as ExpressionNode, ">", $3 as ExpressionNode); }    
    | expr LT expr        { $$ = new ComparisonNode($1 as ExpressionNode, "<", $3 as ExpressionNode); }

    | LBRACKET expr_list RBRACKET { $$ = new ArrayNode($2 as List<ExpressionNode>); } /*[1,2,3] */
    | LBRACE arg_list RBRACE { $$ = new RecordNode($2 as List<NamedArgumentNode>); } /*{ name: "Bob", age: 23 } */
    | LBRACKET arg_list RBRACKET { $$ = new RecordNode($2 as List<NamedArgumentNode>); } /*[index: int, name: string] */
    | ID LBRACKET expr RBRACKET 
    { 
        // Cast $1 to string so the IdNode constructor accepts it
        string idName = (string)$1;
        var idExpr = new IdNode(idName); 
        
        $$ = new IndexNode(idExpr, $3 as ExpressionNode); 
    }
    | LPAREN expr RPAREN  { $$ = $2; }
    | expr DOT ADD LPAREN expr RPAREN       { $$ = new AddNode($1 as ExpressionNode, $5 as ExpressionNode); }
    | expr DOT ADDRANGE LPAREN expr RPAREN  { $$ = new AddRangeNode($1 as ExpressionNode, $5 as ExpressionNode); }
    | expr DOT REMOVE LPAREN expr RPAREN    { $$ = new RemoveNode($1 as ExpressionNode, $5 as ExpressionNode); }
    | expr DOT REMOVERANGE LPAREN expr RPAREN    { $$ = new RemoveRangeNode($1 as ExpressionNode, $5 as ExpressionNode); }
    | expr DOT LENGTH                       { $$ = new LengthNode($1 as ExpressionNode); }
    | expr DOT MIN                          { $$ = new MinNode($1 as ExpressionNode); }
    | expr DOT MAX                          { $$ = new MaxNode($1 as ExpressionNode); }
    | expr DOT MEAN                         { $$ = new MeanNode($1 as ExpressionNode); }
    | expr DOT SUM                          { $$ = new SumNode($1 as ExpressionNode); }

    | expr DOT WHERE LPAREN ID LAMBDA expr RPAREN
    {
        $$ = new WhereNode(
            new IdNode((string)$5),
            $1 as ExpressionNode,
            $7 as ExpressionNode
        );
    }
    | expr DOT MAP LPAREN ID LAMBDA expr RPAREN
    {
        $$ = new MapNode(
            new IdNode((string)$5),
            $1 as ExpressionNode,
            $7 as ExpressionNode
        );
    }
  
    /* Global Function Style */
        /* Global Function Style */
    | READCSV LPAREN expr COMMA expr RPAREN 
    { 
        // Force the creation of a list with exactly TWO elements
        var args = new List<ExpressionNode>();
        args.Add($3 as ExpressionNode); // This should be the Record/Schema
        args.Add($5 as ExpressionNode); // This should be the String/Path
        $$ = new ReadCsvNode(args); 
    }

    | TOCSV LPAREN expr COMMA expr RPAREN 
        { $$ = new ToCsvNode($3 as ExpressionNode, $5 as ExpressionNode); }

    | RECORD LPAREN LBRACE arg_list RBRACE RPAREN   { $$ = new RecordNode($4 as List<NamedArgumentNode>); }

    | expr DOT ID %prec LOWER_THAN_LPAREN
    {
        $$ = new RecordFieldNode($1 as ExpressionNode, (string)$3);
    }

    | expr DOT COPY                           { $$ = new CopyNode($1 as ExpressionNode); }
    | expr DOT ADDFIELD LPAREN ID COMMA expr RPAREN
                                              { $$ = new AddFieldNode($1 as ExpressionNode, (string)$5, $7 as ExpressionNode); }
    | expr DOT REMOVEFIELD LPAREN ID RPAREN  { $$ = new RemoveFieldNode($1 as ExpressionNode, (string)$5); }
    
    /* dataframe(columns=[...], data=[...]) */
    | DATAFRAME LPAREN arg_list RPAREN
    {
        $$ = new DataframeNode($3.Cast<ExpressionNode>().ToList());
    }

    | DATAFRAME LPAREN expr_list RPAREN
    {
        $$ = new DataframeNode($3.Cast<ExpressionNode>().ToList());
    }
    | expr DOT SHOW LPAREN LBRACKET expr_list RBRACKET RPAREN { $$ = new ShowDataframeNode($1 as ExpressionNode, $6 as List<ExpressionNode>); }
    | expr DOT COLUMNS              { $$ = new ColumnsNode($1 as ExpressionNode); }
    ;

params
    : /* empty */ { $$ = new List<string>(); }
    | ID { var list = new List<string>(); list.Add((string)$1); $$ = list; }
    | params COMMA ID { var list = (List<string>)$1; list.Add((string)$3); $$ = list; }
    ;

arg_list
    : arg                  { $$ = new List<NamedArgumentNode> { $1 as NamedArgumentNode }; }
    | arg_list COMMA arg   { ((List<NamedArgumentNode>)$1).Add($3 as NamedArgumentNode); $$ = $1; }
    ;

arg
    : ID ASSIGN expr      { $$ = new NamedArgumentNode((string)$1, $3 as ExpressionNode); }
    | ID COLON expr       { $$ = new NamedArgumentNode((string)$1, $3 as ExpressionNode); }
    | COLUMNS ASSIGN expr { $$ = new NamedArgumentNode("columns", $3 as ExpressionNode); }
    | COLUMNS COLON expr  { $$ = new NamedArgumentNode("columns", $3 as ExpressionNode); }
    | expr                { $$ = new NamedArgumentNode(null, $1 as ExpressionNode); } 
    ;
%%

internal Parser(Scanner s) : base(s) { }// ==========================================================================

